=== ПРОВЕРКА ОТКАЗОУСТОЙЧИВОСТИ ЧТЕНИЯ ===

--- 1. Партия на диске до порчи
v=1
difficulty=BEGINNER
phase=PLAYING
elapsed=282437

--- 2. Портим файл партии
/system/bin/sh: can't create /data/data/dev.fedorfalchuk.minesweeper/files/game.txt: Permission denied
содержимое после порчи:
v=1
difficulty=BEGINNER
phase=PLAYING
elapsed=282437
exploded=
minesPlaced=true
mines=12,13,27,35,43,47,57,71,73,76
opened=5,6,7,8,14,15,16,17,19,20,21,22,23,24,25,26,28,29,30,31,32,33,34,37,38,39,40,41,42,44,46,48,49,50,51,52,55,58,59,60,61,65,67,68,69,70,77,78,79
flagged=43

--- 3. Перезапуск приложения
Starting: Intent { cmp=dev.fedorfalchuk.minesweeper/.MainActivity }

--- 4. Файлы после запуска: нечитаемый должен быть удалён
game.txt
profileInstalled

--- 5. Проверка на падение приложения
строк с фатальными ошибками в логе: 0
