=== ПРОВЕРКА ОТКАЗОУСТОЙЧИВОСТИ ЧТЕНИЯ ===

--- 1. Файл партии испорчен принудительно:
мусор-без-ключей

--- 2. Перезапуск приложения
Starting: Intent { cmp=dev.fedorfalchuk.minesweeper/.MainActivity }

--- 3. Файлы после запуска (нечитаемый должен быть удалён):
profileInstalled

--- 4. Фатальные ошибки в логе:
строк с FATAL EXCEPTION: 0

--- 5. Пишем файл рекордов вручную, чтобы проверить чтение рекордов.
    Рекорд не выигран, а записан принудительно — проверяется разбор файла,
    а не игровое достижение.
v=1
BEGINNER=42

--- 6. Портим файл рекордов
сломано

--- 7. Перезапуск
--- 8. Файлы после запуска (испорченные рекорды должны быть удалены):
profileInstalled
строк с FATAL EXCEPTION: 0
